2026-04-16 19:55:37.503: [INFO] OnDoneLoading sync enabled: 0
2026-04-16 19:57:33.706: [INFO] OnDoneLoading sync enabled: 0
2026-04-16 20:00:29.738: [INFO] OnDoneLoading sync enabled: 0
2026-04-16 20:09:30.380: [INFO] OnDoneLoading sync enabled: 0
2026-04-16 20:15:47.413: [INFO] OnDoneLoading sync enabled: 0
2026-04-16 20:21:59.505: [INFO] OnDoneLoading sync enabled: 0
2026-04-16 20:34:06.381: [INFO] OnDoneLoading sync enabled: 0
2026-04-16 20:46:38.512: [INFO] OnDoneLoading sync enabled: 0
2026-04-16 20:48:13.270: [INFO] OnDoneLoading sync enabled: 0
2026-04-16 21:02:07.811: [INFO] OnDoneLoading sync enabled: 0
2026-04-16 21:08:13.008: [INFO] OnDoneLoading sync enabled: 0
2026-04-16 21:08:22.103: [INFO] OnDoneLoading sync enabled: 0
2026-04-16 21:15:54.153: [INFO] OnDoneLoading sync enabled: 0
2026-04-16 21:20:04.506: [INFO] OnDoneLoading sync enabled: 0
2026-04-16 21:25:47.813: [INFO] OnDoneLoading sync enabled: 0
2026-04-16 21:30:38.104: [INFO] OnDoneLoading sync enabled: 0
2026-04-16 21:36:42.688: [INFO] OnDoneLoading sync enabled: 0
2026-04-16 21:40:52.227: [INFO] OnDoneLoading sync enabled: 0
2026-04-16 21:41:04.060: [INFO] OnDoneLoading sync enabled: 0
2026-04-16 21:46:51.704: [INFO] OnDoneLoading sync enabled: 0
2026-06-18 22:41:37.250: [INFO] OnDoneLoading sync enabled: 0
2026-06-18 22:44:04.832: [INFO] OnDoneLoading sync enabled: 0
2026-06-18 22:48:33.563: [INFO] OnDoneLoading sync enabled: 0
2026-06-18 22:50:39.606: [INFO] OnDoneLoading sync enabled: 0
2026-06-18 22:55:09.853: [INFO] OnDoneLoading sync enabled: 0
2026-06-18 22:57:19.693: [INFO] OnDoneLoading sync enabled: 0
2026-06-18 23:13:50.384: [INFO] OnDoneLoading sync enabled: 0
2026-06-18 23:14:49.584: [INFO] OnDoneLoading sync enabled: 0
2026-06-18 23:18:20.913: [INFO] OnDoneLoading sync enabled: 0
2026-06-18 23:29:36.412: [INFO] OnDoneLoading sync enabled: 0
2026-06-18 23:38:32.604: [INFO] OnDoneLoading sync enabled: 0
2026-06-18 23:39:17.115: [INFO] OnDoneLoading sync enabled: 0
2026-06-18 23:47:50.527: [INFO] OnDoneLoading sync enabled: 0
2026-06-18 23:52:43.213: [INFO] OnDoneLoading sync enabled: 0
2026-06-26 16:01:21.935: [INFO] OnDoneLoading sync enabled: 0
2026-06-26 21:18:10.083: [INFO] OnDoneLoading sync enabled: 0
2026-06-30 16:06:26.207: [INFO] OnDoneLoading sync enabled: 0
2026-06-30 16:13:54.482: [INFO] OnDoneLoading sync enabled: 0
2026-07-02 15:21:54.422: [INFO] OnDoneLoading sync enabled: 0
2026-07-03 15:53:15.377: [INFO] OnDoneLoading sync enabled: 0
2026-07-03 15:55:23.241: [INFO] OnDoneLoading sync enabled: 0
2026-07-03 16:00:52.996: [INFO] OnDoneLoading sync enabled: 0
2026-07-03 16:03:07.421: [INFO] OnDoneLoading sync enabled: 0
2026-07-03 16:03:39.705: [INFO] OnDoneLoading sync enabled: 0
2026-07-07 22:19:48.943: [INFO] OnDoneLoading sync enabled: 0
2026-07-08 21:13:45.127: [INFO] OnDoneLoading sync enabled: 0
2026-07-08 21:15:12.792: [INFO] OnDoneLoading sync enabled: 0
2026-07-09 14:23:03.970: [INFO] OnDoneLoading sync enabled: 0
2026-07-09 14:32:04.100: [INFO] OnDoneLoading sync enabled: 0
2026-07-09 14:37:02.132: [INFO] OnDoneLoading sync enabled: 0
2026-07-09 14:39:09.383: [INFO] OnDoneLoading sync enabled: 0
2026-07-14 13:54:12.280: [INFO] OnDoneLoading sync enabled: 0
2026-07-14 21:32:43.598: [INFO] OnDoneLoading sync enabled: 0
2026-07-15 13:38:26.793: [INFO] OnDoneLoading sync enabled: 0
2026-07-20 15:40:24.200: [INFO] OnDoneLoading sync enabled: 0
2026-07-20 21:37:16.527: [INFO] OnDoneLoading sync enabled: 0
2026-07-20 21:47:13.280: [INFO] OnDoneLoading sync enabled: 0
2026-07-20 22:08:38.865: [INFO] OnDoneLoading sync enabled: 0
2026-07-20 22:38:52.397: [INFO] OnDoneLoading sync enabled: 0
2026-07-20 22:39:11.398: [INFO] OnDoneLoading sync enabled: 0
2026-07-20 22:42:33.621: [INFO] OnDoneLoading sync enabled: 0
2026-07-20 22:46:44.996: [INFO] OnDoneLoading sync enabled: 0
2026-07-20 22:51:52.321: [INFO] OnDoneLoading sync enabled: 0
2026-07-20 22:56:01.994: [INFO] OnDoneLoading sync enabled: 0
2026-07-20 22:57:38.229: [INFO] OnDoneLoading sync enabled: 0
2026-07-20 22:59:06.459: [INFO] OnDoneLoading sync enabled: 0
2026-07-20 23:01:46.531: [INFO] OnDoneLoading sync enabled: 0
2026-07-20 23:03:55.199: [INFO] OnDoneLoading sync enabled: 0
2026-07-20 23:11:08.928: [INFO] OnDoneLoading sync enabled: 0
2026-07-20 23:17:48.411: [INFO] OnDoneLoading sync enabled: 0
2026-07-20 23:21:46.642: [INFO] OnDoneLoading sync enabled: 0
2026-07-20 23:25:09.486: [INFO] OnDoneLoading sync enabled: 0
2026-07-20 23:26:29.898: [INFO] OnDoneLoading sync enabled: 0
2026-07-20 23:28:55.381: [INFO] OnDoneLoading sync enabled: 0
2026-07-20 23:31:37.593: [INFO] OnDoneLoading sync enabled: 0
2026-07-20 23:33:48.026: [INFO] OnDoneLoading sync enabled: 0
2026-07-20 23:43:17.135: [INFO] OnDoneLoading sync enabled: 0
2026-07-20 23:46:54.947: [INFO] OnDoneLoading sync enabled: 0
2026-07-20 23:49:16.182: [INFO] OnDoneLoading sync enabled: 0
2026-07-20 23:53:47.521: [INFO] OnDoneLoading sync enabled: 0
2026-07-20 23:58:14.491: [INFO] OnDoneLoading sync enabled: 0
2026-07-21 00:11:02.311: [INFO] OnDoneLoading sync enabled: 0
2026-07-21 00:13:14.290: [INFO] OnDoneLoading sync enabled: 0
2026-07-21 00:14:49.387: [INFO] OnDoneLoading sync enabled: 0
2026-07-21 00:15:24.024: [INFO] OnDoneLoading sync enabled: 0
2026-07-21 14:04:01.323: [INFO] OnDoneLoading sync enabled: 0
2026-07-21 14:31:48.620: [INFO] OnDoneLoading sync enabled: 0
2026-07-21 14:32:04.582: [INFO] OnDoneLoading sync enabled: 0
2026-07-21 16:33:40.075: [INFO] OnDoneLoading sync enabled: 0
2026-07-21 19:56:15.387: [INFO] OnDoneLoading sync enabled: 0
2026-07-22 00:22:44.035: [INFO] OnDoneLoading sync enabled: 0
2026-07-22 02:57:24.717: [INFO] OnDoneLoading sync enabled: 0
2026-07-22 03:00:39.551: [INFO] OnDoneLoading sync enabled: 0
2026-07-22 03:16:50.090: [INFO] OnDoneLoading sync enabled: 0
2026-07-22 03:47:41.270: [INFO] OnDoneLoading sync enabled: 0
2026-07-22 03:49:27.571: [INFO] OnDoneLoading sync enabled: 0
2026-07-22 03:51:22.166: [INFO] OnDoneLoading sync enabled: 0
2026-07-22 03:59:01.284: [INFO] OnDoneLoading sync enabled: 0
2026-07-24 19:58:34.816: [INFO] OnDoneLoading sync enabled: 0
2026-07-30 15:29:24.315: [INFO] OnDoneLoading sync enabled: 0
2026-07-30 15:29:56.807: [INFO] OnDoneLoading sync enabled: 0
2026-07-30 21:11:07.782: [INFO] OnDoneLoading sync enabled: 0
2026-07-30 21:42:25.287: [INFO] OnDoneLoading sync enabled: 0
2026-07-30 21:58:30.073: [INFO] OnDoneLoading sync enabled: 0
2026-07-30 22:20:23.808: [INFO] OnDoneLoading sync enabled: 0
2026-07-30 22:40:39.806: [INFO] OnDoneLoading sync enabled: 0
2026-07-30 22:54:21.095: [INFO] OnDoneLoading sync enabled: 0
2026-07-30 22:59:57.824: [INFO] OnDoneLoading sync enabled: 0
2026-07-30 23:21:19.783: [INFO] OnDoneLoading sync enabled: 0
2026-07-31 13:22:48.092: [INFO] OnDoneLoading sync enabled: 0
2026-07-31 14:32:42.534: [INFO] OnDoneLoading sync enabled: 0
2026-07-31 16:32:55.492: [INFO] OnDoneLoading sync enabled: 0
2026-07-31 17:37:53.137: [INFO] OnDoneLoading sync enabled: 0
2026-08-01 17:50:20.329: [INFO] OnDoneLoading sync enabled: 0
2026-08-01 18:09:28.744: [INFO] OnDoneLoading sync enabled: 0
2026-08-01 18:19:32.705: [INFO] OnDoneLoading sync enabled: 0
2026-08-01 18:28:53.250: [INFO] OnDoneLoading sync enabled: 0
2026-08-01 21:46:14.660: [INFO] OnDoneLoading sync enabled: 0
2026-08-01 21:55:41.427: [INFO] OnDoneLoading sync enabled: 0
2026-08-01 22:02:52.356: [INFO] OnDoneLoading sync enabled: 0
2026-08-01 22:21:09.249: [INFO] OnDoneLoading sync enabled: 0
2026-08-01 22:30:47.959: [INFO] OnDoneLoading sync enabled: 0
2026-08-01 22:44:33.505: [INFO] OnDoneLoading sync enabled: 0
2026-08-01 22:54:58.473: [INFO] OnDoneLoading sync enabled: 0
2026-08-01 23:53:35.117: [INFO] OnDoneLoading sync enabled: 0
2026-08-01 23:57:15.367: [INFO] OnDoneLoading sync enabled: 0
2026-08-02 00:13:20.093: [INFO] OnDoneLoading sync enabled: 0
2026-08-02 00:16:00.454: [INFO] OnDoneLoading sync enabled: 0
2026-08-02 00:52:48.970: [INFO] OnDoneLoading sync enabled: 0
2026-08-02 20:37:28.759: [INFO] OnDoneLoading sync enabled: 0
2026-08-03 13:33:50.853: [INFO] OnDoneLoading sync enabled: 0
2026-08-03 13:42:49.506: [INFO] OnDoneLoading sync enabled: 0
2026-08-11 23:12:57.325: [INFO] CurrentProfilePath: C:\MIs Archivos\Agente\Documentacion\MarkdownVaultGit\bin\Debug\net8.0-windows\MarkdownVault.exe.WebView2\EBWebView\Default
2026-08-11 23:12:57.325: [INFO] Profiles total count: 1
2026-08-11 23:12:57.327: [INFO] Profile: name=Profile 1 path=C:\MIs Archivos\Agente\Documentacion\MarkdownVaultGit\bin\Debug\net8.0-windows\MarkdownVault.exe.WebView2\EBWebView\Default lastActive=2026-08-03T13:18:12.771Z
2026-08-11 23:12:57.327: [INFO] LastUsedProfileDir: C:\MIs Archivos\Agente\Documentacion\MarkdownVaultGit\bin\Debug\net8.0-windows\MarkdownVault.exe.WebView2\EBWebView\Default
2026-08-11 23:12:57.327: [INFO] MostRecentlyActiveProfile: name=Profile 1 path=C:\MIs Archivos\Agente\Documentacion\MarkdownVaultGit\bin\Debug\net8.0-windows\MarkdownVault.exe.WebView2\EBWebView\Default lastActive=2026-08-03T13:18:12.771Z
2026-08-11 23:12:57.327: [INFO] OnDoneLoading sync enabled: 0
2026-08-11 23:12:57.327: [INFO] BookmarkModelLoaded, ids_reassigned: 0
2026-08-11 23:12:57.327: [INFO] BookmarksLoadDropped droppedNodes=0
2026-08-11 23:12:57.327: [INFO] BookmarksSnapshot Startup total=0 bar=0 other=0 mobile=0 showBar=0 showBarNTP=1
2026-08-11 23:13:02.603: [INFO] BookmarksSnapshot Shutdown total=0 bar=0 other=0 mobile=0 showBar=0 showBarNTP=1
